2026-07-30T13:17:39.928+05:30  INFO 12828 --- [main] c.s.l.LoanManagementSystemApplication    : Starting LoanManagementSystemApplication using Java 21.0.10 with PID 12828 (D:\loan-management-system\loan-management-system\target\classes started by LENOVO in D:\loan-management-system\loan-management-system)
2026-07-30T13:17:39.943+05:30  INFO 12828 --- [main] c.s.l.LoanManagementSystemApplication    : The following 1 profile is active: "dev"
2026-07-30T13:17:42.893+05:30  INFO 12828 --- [main] .s.d.r.c.RepositoryConfigurationDelegate : Bootstrapping Spring Data JPA repositories in DEFAULT mode.
2026-07-30T13:17:43.147+05:30  INFO 12828 --- [main] .s.d.r.c.RepositoryConfigurationDelegate : Finished Spring Data repository scanning in 220 ms. Found 3 JPA repository interfaces.
2026-07-30T13:17:45.187+05:30  INFO 12828 --- [main] o.s.b.w.embedded.tomcat.TomcatWebServer  : Tomcat initialized with port 8080 (http)
2026-07-30T13:17:45.236+05:30  INFO 12828 --- [main] o.apache.catalina.core.StandardService   : Starting service [Tomcat]
2026-07-30T13:17:45.236+05:30  INFO 12828 --- [main] o.apache.catalina.core.StandardEngine    : Starting Servlet engine: [Apache Tomcat/10.1.43]
2026-07-30T13:17:45.486+05:30  INFO 12828 --- [main] o.a.c.c.C.[Tomcat].[localhost].[/]       : Initializing Spring embedded WebApplicationContext
2026-07-30T13:17:45.488+05:30  INFO 12828 --- [main] w.s.c.ServletWebServerApplicationContext : Root WebApplicationContext: initialization completed in 5411 ms
2026-07-30T13:17:46.087+05:30  INFO 12828 --- [main] o.hibernate.jpa.internal.util.LogHelper  : HHH000204: Processing PersistenceUnitInfo [name: default]
2026-07-30T13:17:46.308+05:30  INFO 12828 --- [main] org.hibernate.Version                    : HHH000412: Hibernate ORM core version 6.6.22.Final
2026-07-30T13:17:46.449+05:30  INFO 12828 --- [main] o.h.c.internal.RegionFactoryInitiator    : HHH000026: Second-level cache disabled
2026-07-30T13:17:47.420+05:30  INFO 12828 --- [main] o.s.o.j.p.SpringPersistenceUnitInfo      : No LoadTimeWeaver setup: ignoring JPA class transformer
2026-07-30T13:17:47.533+05:30  INFO 12828 --- [main] com.zaxxer.hikari.HikariDataSource       : HikariPool-1 - Starting...
2026-07-30T13:17:48.753+05:30  INFO 12828 --- [main] com.zaxxer.hikari.pool.HikariPool        : HikariPool-1 - Added connection com.mysql.cj.jdbc.ConnectionImpl@7ebc5be6
2026-07-30T13:17:48.760+05:30  INFO 12828 --- [main] com.zaxxer.hikari.HikariDataSource       : HikariPool-1 - Start completed.
2026-07-30T13:17:49.036+05:30  INFO 12828 --- [main] org.hibernate.orm.connections.pooling    : HHH10001005: Database info:
	Database JDBC URL [Connecting through datasource 'HikariDataSource (HikariPool-1)']
	Database driver: undefined/unknown
	Database version: 8.0.45
	Autocommit mode: undefined/unknown
	Isolation level: undefined/unknown
	Minimum pool size: undefined/unknown
	Maximum pool size: undefined/unknown
2026-07-30T13:17:51.798+05:30  INFO 12828 --- [main] o.h.e.t.j.p.i.JtaPlatformInitiator       : HHH000489: No JTA platform available (set 'hibernate.transaction.jta.platform' to enable JTA platform integration)
2026-07-30T13:17:51.948+05:30  INFO 12828 --- [main] j.LocalContainerEntityManagerFactoryBean : Initialized JPA EntityManagerFactory for persistence unit 'default'
2026-07-30T13:17:53.033+05:30  INFO 12828 --- [main] r$InitializeUserDetailsManagerConfigurer : Global AuthenticationManager configured with UserDetailsService bean with name customUserDetailsService
2026-07-30T13:17:53.303+05:30  INFO 12828 --- [main] o.s.d.j.r.query.QueryEnhancerFactory     : Hibernate is in classpath; If applicable, HQL parser will be used.
2026-07-30T13:17:55.614+05:30  WARN 12828 --- [main] JpaBaseConfiguration$JpaWebConfiguration : spring.jpa.open-in-view is enabled by default. Therefore, database queries may be performed during view rendering. Explicitly configure spring.jpa.open-in-view to disable this warning
2026-07-30T13:17:57.531+05:30  INFO 12828 --- [main] o.s.b.w.embedded.tomcat.TomcatWebServer  : Tomcat started on port 8080 (http) with context path '/'
2026-07-30T13:17:57.562+05:30  INFO 12828 --- [main] c.s.l.LoanManagementSystemApplication    : Started LoanManagementSystemApplication in 19.197 seconds (process running for 20.322)
2026-07-30T13:18:07.472+05:30  INFO 12828 --- [http-nio-8080-exec-2] o.a.c.c.C.[Tomcat].[localhost].[/]       : Initializing Spring DispatcherServlet 'dispatcherServlet'
2026-07-30T13:18:07.472+05:30  INFO 12828 --- [http-nio-8080-exec-2] o.s.web.servlet.DispatcherServlet        : Initializing Servlet 'dispatcherServlet'
2026-07-30T13:18:07.479+05:30  INFO 12828 --- [http-nio-8080-exec-2] o.s.web.servlet.DispatcherServlet        : Completed initialization in 4 ms
2026-07-30T13:34:42.994+05:30  INFO 12828 --- [SpringApplicationShutdownHook] o.s.b.w.e.tomcat.GracefulShutdown        : Commencing graceful shutdown. Waiting for active requests to complete
2026-07-30T13:34:43.003+05:30  INFO 12828 --- [tomcat-shutdown] o.s.b.w.e.tomcat.GracefulShutdown        : Graceful shutdown complete
2026-07-30T13:34:43.009+05:30  INFO 12828 --- [SpringApplicationShutdownHook] j.LocalContainerEntityManagerFactoryBean : Closing JPA EntityManagerFactory for persistence unit 'default'
2026-07-30T13:34:43.014+05:30  INFO 12828 --- [SpringApplicationShutdownHook] com.zaxxer.hikari.HikariDataSource       : HikariPool-1 - Shutdown initiated...
2026-07-30T13:34:43.032+05:30  INFO 12828 --- [SpringApplicationShutdownHook] com.zaxxer.hikari.HikariDataSource       : HikariPool-1 - Shutdown completed.
2026-07-30T14:37:29.202+05:30  INFO 6408 --- [main] c.s.l.integration.AuthIntegrationTest    : Starting AuthIntegrationTest using Java 21.0.10 with PID 6408 (started by LENOVO in D:\loan-management-system\loan-management-system)
2026-07-30T14:37:29.204+05:30  INFO 6408 --- [main] c.s.l.integration.AuthIntegrationTest    : The following 1 profile is active: "dev"
2026-07-30T14:37:31.342+05:30  INFO 6408 --- [main] .s.d.r.c.RepositoryConfigurationDelegate : Bootstrapping Spring Data JPA repositories in DEFAULT mode.
2026-07-30T14:37:31.481+05:30  INFO 6408 --- [main] .s.d.r.c.RepositoryConfigurationDelegate : Finished Spring Data repository scanning in 121 ms. Found 3 JPA repository interfaces.
2026-07-30T14:37:32.734+05:30  INFO 6408 --- [main] o.hibernate.jpa.internal.util.LogHelper  : HHH000204: Processing PersistenceUnitInfo [name: default]
2026-07-30T14:37:32.888+05:30  INFO 6408 --- [main] org.hibernate.Version                    : HHH000412: Hibernate ORM core version 6.6.22.Final
2026-07-30T14:37:32.996+05:30  INFO 6408 --- [main] o.h.c.internal.RegionFactoryInitiator    : HHH000026: Second-level cache disabled
2026-07-30T14:37:33.726+05:30  INFO 6408 --- [main] o.s.o.j.p.SpringPersistenceUnitInfo      : No LoadTimeWeaver setup: ignoring JPA class transformer
2026-07-30T14:37:33.782+05:30  INFO 6408 --- [main] com.zaxxer.hikari.HikariDataSource       : HikariPool-1 - Starting...
2026-07-30T14:37:34.476+05:30  INFO 6408 --- [main] com.zaxxer.hikari.pool.HikariPool        : HikariPool-1 - Added connection com.mysql.cj.jdbc.ConnectionImpl@7e2a76be
2026-07-30T14:37:34.480+05:30  INFO 6408 --- [main] com.zaxxer.hikari.HikariDataSource       : HikariPool-1 - Start completed.
2026-07-30T14:37:34.736+05:30  INFO 6408 --- [main] org.hibernate.orm.connections.pooling    : HHH10001005: Database info:
	Database JDBC URL [Connecting through datasource 'HikariDataSource (HikariPool-1)']
	Database driver: undefined/unknown
	Database version: 8.0.45
	Autocommit mode: undefined/unknown
	Isolation level: undefined/unknown
	Minimum pool size: undefined/unknown
	Maximum pool size: undefined/unknown
2026-07-30T14:37:36.374+05:30  INFO 6408 --- [main] o.h.e.t.j.p.i.JtaPlatformInitiator       : HHH000489: No JTA platform available (set 'hibernate.transaction.jta.platform' to enable JTA platform integration)
2026-07-30T14:37:36.504+05:30  INFO 6408 --- [main] j.LocalContainerEntityManagerFactoryBean : Initialized JPA EntityManagerFactory for persistence unit 'default'
2026-07-30T14:37:37.205+05:30  INFO 6408 --- [main] r$InitializeUserDetailsManagerConfigurer : Global AuthenticationManager configured with UserDetailsService bean with name customUserDetailsService
2026-07-30T14:37:37.368+05:30  INFO 6408 --- [main] o.s.d.j.r.query.QueryEnhancerFactory     : Hibernate is in classpath; If applicable, HQL parser will be used.
2026-07-30T14:37:38.941+05:30  WARN 6408 --- [main] JpaBaseConfiguration$JpaWebConfiguration : spring.jpa.open-in-view is enabled by default. Therefore, database queries may be performed during view rendering. Explicitly configure spring.jpa.open-in-view to disable this warning
2026-07-30T14:37:40.592+05:30  INFO 6408 --- [main] o.s.b.t.m.w.SpringBootMockServletContext : Initializing Spring TestDispatcherServlet ''
2026-07-30T14:37:40.592+05:30  INFO 6408 --- [main] o.s.t.web.servlet.TestDispatcherServlet  : Initializing Servlet ''
2026-07-30T14:37:40.592+05:30  INFO 6408 --- [main] o.s.t.web.servlet.TestDispatcherServlet  : Completed initialization in 0 ms
2026-07-30T14:37:40.640+05:30  INFO 6408 --- [main] c.s.l.integration.AuthIntegrationTest    : Started AuthIntegrationTest in 12.103 seconds (process running for 13.955)
2026-07-30T14:37:42.378+05:30  INFO 6408 --- [main] t.c.s.AnnotationConfigContextLoaderUtils : Could not detect default configuration classes for test class [com.sudhanshu.loanmanagement.integration.LoanIntegrationTest]: LoanIntegrationTest does not declare any static, non-private, non-final, nested classes annotated with @Configuration.
2026-07-30T14:37:42.390+05:30  INFO 6408 --- [main] .b.t.c.SpringBootTestContextBootstrapper : Found @SpringBootConfiguration com.sudhanshu.loanmanagement.LoanManagementSystemApplication for test class com.sudhanshu.loanmanagement.integration.LoanIntegrationTest
2026-07-30T14:37:42.694+05:30  INFO 6408 --- [main] c.s.l.service.impl.LoanServiceImpl       : Fetching loan details. loanId=1
2026-07-30T14:37:42.960+05:30  INFO 6408 --- [main] c.s.l.service.impl.LoanServiceImpl       : Fetching loans for customerId=999
2026-07-30T14:37:43.147+05:30  INFO 6408 --- [main] c.s.l.service.impl.LoanServiceImpl       : Fetching loans with pagination. page=0, size=5, sortBy=loanAmount, direction=desc
2026-07-30T14:37:43.184+05:30  INFO 6408 --- [main] c.s.l.service.impl.LoanServiceImpl       : Pagination completed. totalElements=9, totalPages=2, currentPage=0
2026-07-30T14:37:43.184+05:30  WARN 6408 --- [main] ration$PageModule$WarningLoggingModifier : Serializing PageImpl instances as-is is not supported, meaning that there is no guarantee about the stability of the resulting JSON structure!
	For a stable JSON structure, please use Spring Data's PagedModel (globally via @EnableSpringDataWebSupport(pageSerializationMode = VIA_DTO))
	or Spring HATEOAS and Spring Data's PagedResourcesAssembler as documented in https://docs.spring.io/spring-data/commons/reference/repositories/core-extensions.html#core.web.pageables.

2026-07-30T14:37:43.368+05:30  INFO 6408 --- [main] c.s.l.service.impl.LoanServiceImpl       : Loan update requested. loanId=1, customerId=6
2026-07-30T14:37:43.378+05:30  WARN 6408 --- [main] c.s.l.service.impl.LoanServiceImpl       : Loan update rejected. loanId=1 is already APPROVED
2026-07-30T14:37:43.510+05:30  INFO 6408 --- [main] c.s.l.service.impl.LoanServiceImpl       : Fetching loans by type. loanType=CAR, page=0, size=5
2026-07-30T14:37:43.532+05:30  INFO 6408 --- [main] c.s.l.service.impl.LoanServiceImpl       : Loan type filter completed. loanType=CAR, totalRecords=8
2026-07-30T14:37:43.655+05:30  INFO 6408 --- [main] c.s.l.service.impl.LoanServiceImpl       : Fetching loans by status. status=APPROVED, page=0, size=5
2026-07-30T14:37:43.661+05:30  INFO 6408 --- [main] c.s.l.service.impl.LoanServiceImpl       : Status filter completed. status=APPROVED, totalRecords=3
2026-07-30T14:37:44.041+05:30  INFO 6408 --- [main] c.s.l.service.impl.LoanServiceImpl       : Loan update requested. loanId=999, customerId=6
2026-07-30T14:37:44.162+05:30  INFO 6408 --- [main] c.s.l.service.impl.LoanServiceImpl       : Loan application requested. customerId=6, loanType=CAR, amount=500000
2026-07-30T14:37:44.245+05:30  INFO 6408 --- [main] c.s.l.service.impl.LoanServiceImpl       : Loan created successfully. loanId=10, customerId=6
2026-07-30T14:37:44.365+05:30  INFO 6408 --- [main] c.s.l.service.impl.LoanServiceImpl       : Fetching loans for customerId=6
2026-07-30T14:37:44.383+05:30  INFO 6408 --- [main] c.s.l.service.impl.LoanServiceImpl       : Fetched 10 loan(s) for customerId=6
2026-07-30T14:37:44.641+05:30  INFO 6408 --- [main] c.s.l.service.impl.LoanServiceImpl       : Fetching loan details. loanId=999
2026-07-30T14:37:44.762+05:30  INFO 6408 --- [main] c.s.l.service.impl.LoanServiceImpl       : Fetching loans with pagination. page=0, size=3, sortBy=loanId, direction=asc
2026-07-30T14:37:44.766+05:30  INFO 6408 --- [main] c.s.l.service.impl.LoanServiceImpl       : Pagination completed. totalElements=10, totalPages=4, currentPage=0
2026-07-30T14:37:44.902+05:30  INFO 6408 --- [main] c.s.l.service.impl.LoanServiceImpl       : Loan status update requested. loanId=1, newStatus=APPROVED
2026-07-30T14:37:44.910+05:30  WARN 6408 --- [main] c.s.l.service.impl.LoanServiceImpl       : Loan status update rejected. loanId=1 already APPROVED
2026-07-30T14:37:45.024+05:30  INFO 6408 --- [main] c.s.l.service.impl.LoanServiceImpl       : Loan update requested. loanId=2, customerId=6
2026-07-30T14:37:45.041+05:30  INFO 6408 --- [main] c.s.l.service.impl.LoanServiceImpl       : Loan updated successfully. loanId=2, loanType=CAR, amount=650000
2026-07-30T14:37:45.163+05:30  INFO 6408 --- [main] c.s.l.service.impl.LoanServiceImpl       : Fetching all loans.
2026-07-30T14:37:45.174+05:30  INFO 6408 --- [main] c.s.l.service.impl.LoanServiceImpl       : Total loans fetched: 10
2026-07-30T14:37:45.189+05:30  INFO 6408 --- [main] t.c.s.AnnotationConfigContextLoaderUtils : Could not detect default configuration classes for test class [com.sudhanshu.loanmanagement.LoanManagementSystemApplicationTests]: LoanManagementSystemApplicationTests does not declare any static, non-private, non-final, nested classes annotated with @Configuration.
2026-07-30T14:37:45.206+05:30  INFO 6408 --- [main] .b.t.c.SpringBootTestContextBootstrapper : Found @SpringBootConfiguration com.sudhanshu.loanmanagement.LoanManagementSystemApplication for test class com.sudhanshu.loanmanagement.LoanManagementSystemApplicationTests
2026-07-30T14:37:45.256+05:30  INFO 6408 --- [main] s.l.LoanManagementSystemApplicationTests : Starting LoanManagementSystemApplicationTests using Java 21.0.10 with PID 6408 (started by LENOVO in D:\loan-management-system\loan-management-system)
2026-07-30T14:37:45.257+05:30  INFO 6408 --- [main] s.l.LoanManagementSystemApplicationTests : The following 1 profile is active: "dev"
2026-07-30T14:37:45.688+05:30  INFO 6408 --- [main] .s.d.r.c.RepositoryConfigurationDelegate : Bootstrapping Spring Data JPA repositories in DEFAULT mode.
2026-07-30T14:37:45.721+05:30  INFO 6408 --- [main] .s.d.r.c.RepositoryConfigurationDelegate : Finished Spring Data repository scanning in 31 ms. Found 3 JPA repository interfaces.
2026-07-30T14:37:45.895+05:30  INFO 6408 --- [main] o.hibernate.jpa.internal.util.LogHelper  : HHH000204: Processing PersistenceUnitInfo [name: default]
2026-07-30T14:37:45.895+05:30  INFO 6408 --- [main] o.h.c.internal.RegionFactoryInitiator    : HHH000026: Second-level cache disabled
2026-07-30T14:37:45.915+05:30  INFO 6408 --- [main] o.s.o.j.p.SpringPersistenceUnitInfo      : No LoadTimeWeaver setup: ignoring JPA class transformer
2026-07-30T14:37:45.915+05:30  INFO 6408 --- [main] com.zaxxer.hikari.HikariDataSource       : HikariPool-2 - Starting...
2026-07-30T14:37:45.944+05:30  INFO 6408 --- [main] com.zaxxer.hikari.pool.HikariPool        : HikariPool-2 - Added connection com.mysql.cj.jdbc.ConnectionImpl@4a3ebba6
2026-07-30T14:37:45.944+05:30  INFO 6408 --- [main] com.zaxxer.hikari.HikariDataSource       : HikariPool-2 - Start completed.
2026-07-30T14:37:45.944+05:30  INFO 6408 --- [main] org.hibernate.orm.connections.pooling    : HHH10001005: Database info:
	Database JDBC URL [Connecting through datasource 'HikariDataSource (HikariPool-2)']
	Database driver: undefined/unknown
	Database version: 8.0.45
	Autocommit mode: undefined/unknown
	Isolation level: undefined/unknown
	Minimum pool size: undefined/unknown
	Maximum pool size: undefined/unknown
2026-07-30T14:37:46.040+05:30  INFO 6408 --- [main] o.h.e.t.j.p.i.JtaPlatformInitiator       : HHH000489: No JTA platform available (set 'hibernate.transaction.jta.platform' to enable JTA platform integration)
2026-07-30T14:37:46.080+05:30  INFO 6408 --- [main] j.LocalContainerEntityManagerFactoryBean : Initialized JPA EntityManagerFactory for persistence unit 'default'
2026-07-30T14:37:46.180+05:30  INFO 6408 --- [main] r$InitializeUserDetailsManagerConfigurer : Global AuthenticationManager configured with UserDetailsService bean with name customUserDetailsService
2026-07-30T14:37:46.340+05:30  WARN 6408 --- [main] JpaBaseConfiguration$JpaWebConfiguration : spring.jpa.open-in-view is enabled by default. Therefore, database queries may be performed during view rendering. Explicitly configure spring.jpa.open-in-view to disable this warning
2026-07-30T14:37:46.698+05:30  INFO 6408 --- [main] s.l.LoanManagementSystemApplicationTests : Started LoanManagementSystemApplicationTests in 1.484 seconds (process running for 20.012)
2026-07-30T14:37:47.929+05:30  INFO 6408 --- [main] c.s.l.service.impl.LoanServiceImpl       : Loan update requested. loanId=100, customerId=1
2026-07-30T14:37:47.929+05:30  INFO 6408 --- [main] c.s.l.service.impl.LoanServiceImpl       : Loan updated successfully. loanId=100, loanType=HOME, amount=800000
2026-07-30T14:37:47.962+05:30  INFO 6408 --- [main] c.s.l.service.impl.LoanServiceImpl       : Loan application requested. customerId=1, loanType=CAR, amount=500000
2026-07-30T14:37:47.986+05:30  INFO 6408 --- [main] c.s.l.service.impl.LoanServiceImpl       : Fetching all loans.
2026-07-30T14:37:47.990+05:30  INFO 6408 --- [main] c.s.l.service.impl.LoanServiceImpl       : Total loans fetched: 0
2026-07-30T14:37:48.012+05:30  INFO 6408 --- [main] c.s.l.service.impl.LoanServiceImpl       : Loan status update requested. loanId=100, newStatus=REJECTED
2026-07-30T14:37:48.012+05:30  INFO 6408 --- [main] c.s.l.service.impl.LoanServiceImpl       : Loan status updated successfully. loanId=100, status=REJECTED, emi=null
2026-07-30T14:37:48.053+05:30  INFO 6408 --- [main] c.s.l.service.impl.LoanServiceImpl       : Fetching loan details. loanId=100
2026-07-30T14:37:48.078+05:30  INFO 6408 --- [main] c.s.l.service.impl.LoanServiceImpl       : Loan status update requested. loanId=100, newStatus=APPROVED
2026-07-30T14:37:48.096+05:30  INFO 6408 --- [main] c.s.l.service.impl.LoanServiceImpl       : Fetching all loans.
2026-07-30T14:37:48.096+05:30  INFO 6408 --- [main] c.s.l.service.impl.LoanServiceImpl       : Total loans fetched: 2
2026-07-30T14:37:48.113+05:30  INFO 6408 --- [main] c.s.l.service.impl.LoanServiceImpl       : Loan status update requested. loanId=100, newStatus=APPROVED
2026-07-30T14:37:48.115+05:30  INFO 6408 --- [main] c.s.l.service.impl.LoanServiceImpl       : Loan status updated successfully. loanId=100, status=APPROVED, emi=10545.75
2026-07-30T14:37:48.133+05:30  INFO 6408 --- [main] c.s.l.service.impl.LoanServiceImpl       : Loan status update requested. loanId=100, newStatus=PENDING
2026-07-30T14:37:48.134+05:30  WARN 6408 --- [main] c.s.l.service.impl.LoanServiceImpl       : Invalid status update attempted. loanId=100, status=PENDING
2026-07-30T14:37:48.153+05:30  INFO 6408 --- [main] c.s.l.service.impl.LoanServiceImpl       : Loan status update requested. loanId=100, newStatus=REJECTED
2026-07-30T14:37:48.153+05:30  WARN 6408 --- [main] c.s.l.service.impl.LoanServiceImpl       : Loan status update rejected. loanId=100 already APPROVED
2026-07-30T14:37:48.170+05:30  INFO 6408 --- [main] c.s.l.service.impl.LoanServiceImpl       : Fetching loans with pagination. page=1, size=2, sortBy=loanId, direction=asc
2026-07-30T14:37:48.172+05:30  INFO 6408 --- [main] c.s.l.service.impl.LoanServiceImpl       : Pagination completed. totalElements=3, totalPages=2, currentPage=1
2026-07-30T14:37:48.190+05:30  INFO 6408 --- [main] c.s.l.service.impl.LoanServiceImpl       : Fetching loans by type. loanType=EDUCATION, page=0, size=5
2026-07-30T14:37:48.192+05:30  INFO 6408 --- [main] c.s.l.service.impl.LoanServiceImpl       : Loan type filter completed. loanType=EDUCATION, totalRecords=0
2026-07-30T14:37:48.206+05:30  INFO 6408 --- [main] c.s.l.service.impl.LoanServiceImpl       : Fetching loans for customerId=1
2026-07-30T14:37:48.221+05:30  INFO 6408 --- [main] c.s.l.service.impl.LoanServiceImpl       : Fetching loans by status. status=REJECTED, page=0, size=5
2026-07-30T14:37:48.221+05:30  INFO 6408 --- [main] c.s.l.service.impl.LoanServiceImpl       : Status filter completed. status=REJECTED, totalRecords=0
2026-07-30T14:37:48.231+05:30  INFO 6408 --- [main] c.s.l.service.impl.LoanServiceImpl       : Fetching loan details. loanId=100
2026-07-30T14:37:48.251+05:30  INFO 6408 --- [main] c.s.l.service.impl.LoanServiceImpl       : Loan update requested. loanId=100, customerId=1
2026-07-30T14:37:48.251+05:30  WARN 6408 --- [main] c.s.l.service.impl.LoanServiceImpl       : Loan update rejected. loanId=100 is already APPROVED
2026-07-30T14:37:48.268+05:30  INFO 6408 --- [main] c.s.l.service.impl.LoanServiceImpl       : Loan application requested. customerId=1, loanType=CAR, amount=500000
2026-07-30T14:37:48.270+05:30  INFO 6408 --- [main] c.s.l.service.impl.LoanServiceImpl       : Loan created successfully. loanId=100, customerId=1
2026-07-30T14:37:48.282+05:30  INFO 6408 --- [main] c.s.l.service.impl.LoanServiceImpl       : Fetching loans for customerId=1
2026-07-30T14:37:48.284+05:30  INFO 6408 --- [main] c.s.l.service.impl.LoanServiceImpl       : Fetched 0 loan(s) for customerId=1
2026-07-30T14:37:48.294+05:30  INFO 6408 --- [main] c.s.l.service.impl.LoanServiceImpl       : Fetching loans for customerId=1
2026-07-30T14:37:48.294+05:30  INFO 6408 --- [main] c.s.l.service.impl.LoanServiceImpl       : Fetched 1 loan(s) for customerId=1
2026-07-30T14:37:48.309+05:30  INFO 6408 --- [main] c.s.l.service.impl.LoanServiceImpl       : Fetching loans with pagination. page=0, size=5, sortBy=loanAmount, direction=desc
2026-07-30T14:37:48.309+05:30  INFO 6408 --- [main] c.s.l.service.impl.LoanServiceImpl       : Pagination completed. totalElements=1, totalPages=1, currentPage=0
2026-07-30T14:37:48.404+05:30  INFO 6408 --- [SpringApplicationShutdownHook] j.LocalContainerEntityManagerFactoryBean : Closing JPA EntityManagerFactory for persistence unit 'default'
2026-07-30T14:37:48.413+05:30  INFO 6408 --- [SpringApplicationShutdownHook] com.zaxxer.hikari.HikariDataSource       : HikariPool-1 - Shutdown initiated...
2026-07-30T14:37:48.462+05:30  INFO 6408 --- [SpringApplicationShutdownHook] com.zaxxer.hikari.HikariDataSource       : HikariPool-1 - Shutdown completed.
2026-07-30T14:37:48.477+05:30  INFO 6408 --- [SpringApplicationShutdownHook] j.LocalContainerEntityManagerFactoryBean : Closing JPA EntityManagerFactory for persistence unit 'default'
2026-07-30T14:37:48.480+05:30  INFO 6408 --- [SpringApplicationShutdownHook] com.zaxxer.hikari.HikariDataSource       : HikariPool-2 - Shutdown initiated...
2026-07-30T14:37:48.507+05:30  INFO 6408 --- [SpringApplicationShutdownHook] com.zaxxer.hikari.HikariDataSource       : HikariPool-2 - Shutdown completed.
2026-07-30T16:29:47.830+05:30  INFO 20892 --- [main] c.s.l.LoanManagementSystemApplication    : Starting LoanManagementSystemApplication using Java 21.0.10 with PID 20892 (D:\loan-management-system\loan-management-system\target\classes started by LENOVO in D:\loan-management-system\loan-management-system)
2026-07-30T16:29:47.830+05:30  INFO 20892 --- [main] c.s.l.LoanManagementSystemApplication    : The following 1 profile is active: "dev"
2026-07-30T16:29:49.867+05:30  INFO 20892 --- [main] .s.d.r.c.RepositoryConfigurationDelegate : Bootstrapping Spring Data JPA repositories in DEFAULT mode.
2026-07-30T16:29:50.059+05:30  INFO 20892 --- [main] .s.d.r.c.RepositoryConfigurationDelegate : Finished Spring Data repository scanning in 160 ms. Found 3 JPA repository interfaces.
2026-07-30T16:29:51.291+05:30  INFO 20892 --- [main] o.s.b.w.embedded.tomcat.TomcatWebServer  : Tomcat initialized with port 8080 (http)
2026-07-30T16:29:51.314+05:30  INFO 20892 --- [main] o.apache.catalina.core.StandardService   : Starting service [Tomcat]
2026-07-30T16:29:51.314+05:30  INFO 20892 --- [main] o.apache.catalina.core.StandardEngine    : Starting Servlet engine: [Apache Tomcat/10.1.43]
2026-07-30T16:29:51.431+05:30  INFO 20892 --- [main] o.a.c.c.C.[Tomcat].[localhost].[/]       : Initializing Spring embedded WebApplicationContext
2026-07-30T16:29:51.431+05:30  INFO 20892 --- [main] w.s.c.ServletWebServerApplicationContext : Root WebApplicationContext: initialization completed in 3507 ms
2026-07-30T16:29:51.878+05:30  INFO 20892 --- [main] o.hibernate.jpa.internal.util.LogHelper  : HHH000204: Processing PersistenceUnitInfo [name: default]
2026-07-30T16:29:51.984+05:30  INFO 20892 --- [main] org.hibernate.Version                    : HHH000412: Hibernate ORM core version 6.6.22.Final
2026-07-30T16:29:52.052+05:30  INFO 20892 --- [main] o.h.c.internal.RegionFactoryInitiator    : HHH000026: Second-level cache disabled
2026-07-30T16:29:52.634+05:30  INFO 20892 --- [main] o.s.o.j.p.SpringPersistenceUnitInfo      : No LoadTimeWeaver setup: ignoring JPA class transformer
2026-07-30T16:29:52.682+05:30  INFO 20892 --- [main] com.zaxxer.hikari.HikariDataSource       : HikariPool-1 - Starting...
2026-07-30T16:29:53.369+05:30  INFO 20892 --- [main] com.zaxxer.hikari.pool.HikariPool        : HikariPool-1 - Added connection com.mysql.cj.jdbc.ConnectionImpl@6e0d058a
2026-07-30T16:29:53.371+05:30  INFO 20892 --- [main] com.zaxxer.hikari.HikariDataSource       : HikariPool-1 - Start completed.
2026-07-30T16:29:53.517+05:30  INFO 20892 --- [main] org.hibernate.orm.connections.pooling    : HHH10001005: Database info:
	Database JDBC URL [Connecting through datasource 'HikariDataSource (HikariPool-1)']
	Database driver: undefined/unknown
	Database version: 8.0.45
	Autocommit mode: undefined/unknown
	Isolation level: undefined/unknown
	Minimum pool size: undefined/unknown
	Maximum pool size: undefined/unknown
2026-07-30T16:29:55.076+05:30  INFO 20892 --- [main] o.h.e.t.j.p.i.JtaPlatformInitiator       : HHH000489: No JTA platform available (set 'hibernate.transaction.jta.platform' to enable JTA platform integration)
2026-07-30T16:29:55.172+05:30  INFO 20892 --- [main] j.LocalContainerEntityManagerFactoryBean : Initialized JPA EntityManagerFactory for persistence unit 'default'
2026-07-30T16:29:55.821+05:30  INFO 20892 --- [main] r$InitializeUserDetailsManagerConfigurer : Global AuthenticationManager configured with UserDetailsService bean with name customUserDetailsService
2026-07-30T16:29:55.964+05:30  INFO 20892 --- [main] o.s.d.j.r.query.QueryEnhancerFactory     : Hibernate is in classpath; If applicable, HQL parser will be used.
2026-07-30T16:29:57.372+05:30  WARN 20892 --- [main] JpaBaseConfiguration$JpaWebConfiguration : spring.jpa.open-in-view is enabled by default. Therefore, database queries may be performed during view rendering. Explicitly configure spring.jpa.open-in-view to disable this warning
2026-07-30T16:29:58.699+05:30  INFO 20892 --- [main] o.s.b.w.embedded.tomcat.TomcatWebServer  : Tomcat started on port 8080 (http) with context path '/'
2026-07-30T16:29:58.727+05:30  INFO 20892 --- [main] c.s.l.LoanManagementSystemApplication    : Started LoanManagementSystemApplication in 11.859 seconds (process running for 12.707)
2026-07-30T16:30:18.135+05:30  INFO 20892 --- [SpringApplicationShutdownHook] o.s.b.w.e.tomcat.GracefulShutdown        : Commencing graceful shutdown. Waiting for active requests to complete
2026-07-30T16:30:18.145+05:30  INFO 20892 --- [tomcat-shutdown] o.s.b.w.e.tomcat.GracefulShutdown        : Graceful shutdown complete
2026-07-30T16:30:18.153+05:30  INFO 20892 --- [SpringApplicationShutdownHook] j.LocalContainerEntityManagerFactoryBean : Closing JPA EntityManagerFactory for persistence unit 'default'
2026-07-30T16:30:18.155+05:30  INFO 20892 --- [SpringApplicationShutdownHook] com.zaxxer.hikari.HikariDataSource       : HikariPool-1 - Shutdown initiated...
2026-07-30T16:30:18.180+05:30  INFO 20892 --- [SpringApplicationShutdownHook] com.zaxxer.hikari.HikariDataSource       : HikariPool-1 - Shutdown completed.
2026-07-30T18:30:39.001+05:30  INFO 2464 --- [main] c.s.l.integration.AuthIntegrationTest    : Starting AuthIntegrationTest using Java 21.0.10 with PID 2464 (started by LENOVO in D:\loan-management-system\loan-management-system)
2026-07-30T18:30:39.001+05:30  INFO 2464 --- [main] c.s.l.integration.AuthIntegrationTest    : The following 1 profile is active: "dev"
2026-07-30T18:30:41.542+05:30  INFO 2464 --- [main] .s.d.r.c.RepositoryConfigurationDelegate : Bootstrapping Spring Data JPA repositories in DEFAULT mode.
2026-07-30T18:30:41.759+05:30  INFO 2464 --- [main] .s.d.r.c.RepositoryConfigurationDelegate : Finished Spring Data repository scanning in 191 ms. Found 3 JPA repository interfaces.
2026-07-30T18:30:43.351+05:30  INFO 2464 --- [main] o.hibernate.jpa.internal.util.LogHelper  : HHH000204: Processing PersistenceUnitInfo [name: default]
2026-07-30T18:30:43.533+05:30  INFO 2464 --- [main] org.hibernate.Version                    : HHH000412: Hibernate ORM core version 6.6.22.Final
2026-07-30T18:30:43.624+05:30  INFO 2464 --- [main] o.h.c.internal.RegionFactoryInitiator    : HHH000026: Second-level cache disabled
2026-07-30T18:30:44.427+05:30  INFO 2464 --- [main] o.s.o.j.p.SpringPersistenceUnitInfo      : No LoadTimeWeaver setup: ignoring JPA class transformer
2026-07-30T18:30:44.490+05:30  INFO 2464 --- [main] com.zaxxer.hikari.HikariDataSource       : HikariPool-1 - Starting...
2026-07-30T18:30:45.226+05:30  INFO 2464 --- [main] com.zaxxer.hikari.pool.HikariPool        : HikariPool-1 - Added connection com.mysql.cj.jdbc.ConnectionImpl@1123d461
2026-07-30T18:30:45.233+05:30  INFO 2464 --- [main] com.zaxxer.hikari.HikariDataSource       : HikariPool-1 - Start completed.
2026-07-30T18:30:45.515+05:30  INFO 2464 --- [main] org.hibernate.orm.connections.pooling    : HHH10001005: Database info:
	Database JDBC URL [Connecting through datasource 'HikariDataSource (HikariPool-1)']
	Database driver: undefined/unknown
	Database version: 8.0.45
	Autocommit mode: undefined/unknown
	Isolation level: undefined/unknown
	Minimum pool size: undefined/unknown
	Maximum pool size: undefined/unknown
2026-07-30T18:30:47.167+05:30  INFO 2464 --- [main] o.h.e.t.j.p.i.JtaPlatformInitiator       : HHH000489: No JTA platform available (set 'hibernate.transaction.jta.platform' to enable JTA platform integration)
2026-07-30T18:30:47.285+05:30  INFO 2464 --- [main] j.LocalContainerEntityManagerFactoryBean : Initialized JPA EntityManagerFactory for persistence unit 'default'
2026-07-30T18:30:48.026+05:30  INFO 2464 --- [main] r$InitializeUserDetailsManagerConfigurer : Global AuthenticationManager configured with UserDetailsService bean with name customUserDetailsService
2026-07-30T18:30:48.204+05:30  INFO 2464 --- [main] o.s.d.j.r.query.QueryEnhancerFactory     : Hibernate is in classpath; If applicable, HQL parser will be used.
2026-07-30T18:30:50.188+05:30  WARN 2464 --- [main] JpaBaseConfiguration$JpaWebConfiguration : spring.jpa.open-in-view is enabled by default. Therefore, database queries may be performed during view rendering. Explicitly configure spring.jpa.open-in-view to disable this warning
2026-07-30T18:30:52.107+05:30  INFO 2464 --- [main] o.s.b.t.m.w.SpringBootMockServletContext : Initializing Spring TestDispatcherServlet ''
2026-07-30T18:30:52.107+05:30  INFO 2464 --- [main] o.s.t.web.servlet.TestDispatcherServlet  : Initializing Servlet ''
2026-07-30T18:30:52.107+05:30  INFO 2464 --- [main] o.s.t.web.servlet.TestDispatcherServlet  : Completed initialization in 0 ms
2026-07-30T18:30:52.170+05:30  INFO 2464 --- [main] c.s.l.integration.AuthIntegrationTest    : Started AuthIntegrationTest in 13.846 seconds (process running for 15.939)
2026-07-30T18:30:53.987+05:30  INFO 2464 --- [main] t.c.s.AnnotationConfigContextLoaderUtils : Could not detect default configuration classes for test class [com.sudhanshu.loanmanagement.integration.LoanIntegrationTest]: LoanIntegrationTest does not declare any static, non-private, non-final, nested classes annotated with @Configuration.
2026-07-30T18:30:53.997+05:30  INFO 2464 --- [main] .b.t.c.SpringBootTestContextBootstrapper : Found @SpringBootConfiguration com.sudhanshu.loanmanagement.LoanManagementSystemApplication for test class com.sudhanshu.loanmanagement.integration.LoanIntegrationTest
2026-07-30T18:30:54.278+05:30  INFO 2464 --- [main] c.s.l.service.impl.LoanServiceImpl       : Fetching loan details. loanId=1
2026-07-30T18:30:54.496+05:30  INFO 2464 --- [main] c.s.l.service.impl.LoanServiceImpl       : Fetching loans for customerId=999
2026-07-30T18:30:54.669+05:30  INFO 2464 --- [main] c.s.l.service.impl.LoanServiceImpl       : Fetching loans with pagination. page=0, size=5, sortBy=loanAmount, direction=desc
2026-07-30T18:30:54.701+05:30  INFO 2464 --- [main] c.s.l.service.impl.LoanServiceImpl       : Pagination completed. totalElements=10, totalPages=2, currentPage=0
2026-07-30T18:30:54.709+05:30  WARN 2464 --- [main] ration$PageModule$WarningLoggingModifier : Serializing PageImpl instances as-is is not supported, meaning that there is no guarantee about the stability of the resulting JSON structure!
	For a stable JSON structure, please use Spring Data's PagedModel (globally via @EnableSpringDataWebSupport(pageSerializationMode = VIA_DTO))
	or Spring HATEOAS and Spring Data's PagedResourcesAssembler as documented in https://docs.spring.io/spring-data/commons/reference/repositories/core-extensions.html#core.web.pageables.

2026-07-30T18:30:54.883+05:30  INFO 2464 --- [main] c.s.l.service.impl.LoanServiceImpl       : Loan update requested. loanId=1, customerId=6
2026-07-30T18:30:54.900+05:30  WARN 2464 --- [main] c.s.l.service.impl.LoanServiceImpl       : Loan update rejected. loanId=1 is already APPROVED
2026-07-30T18:30:55.027+05:30  INFO 2464 --- [main] c.s.l.service.impl.LoanServiceImpl       : Fetching loans by type. loanType=CAR, page=0, size=5
2026-07-30T18:30:55.042+05:30  INFO 2464 --- [main] c.s.l.service.impl.LoanServiceImpl       : Loan type filter completed. loanType=CAR, totalRecords=9
2026-07-30T18:30:55.161+05:30  INFO 2464 --- [main] c.s.l.service.impl.LoanServiceImpl       : Fetching loans by status. status=APPROVED, page=0, size=5
2026-07-30T18:30:55.172+05:30  INFO 2464 --- [main] c.s.l.service.impl.LoanServiceImpl       : Status filter completed. status=APPROVED, totalRecords=3
2026-07-30T18:30:55.537+05:30  INFO 2464 --- [main] c.s.l.service.impl.LoanServiceImpl       : Loan update requested. loanId=999, customerId=6
2026-07-30T18:30:55.648+05:30  INFO 2464 --- [main] c.s.l.service.impl.LoanServiceImpl       : Loan application requested. customerId=6, loanType=CAR, amount=500000
2026-07-30T18:30:55.747+05:30  INFO 2464 --- [main] c.s.l.service.impl.LoanServiceImpl       : Loan created successfully. loanId=11, customerId=6
2026-07-30T18:30:55.876+05:30  INFO 2464 --- [main] c.s.l.service.impl.LoanServiceImpl       : Fetching loans for customerId=6
2026-07-30T18:30:55.901+05:30  INFO 2464 --- [main] c.s.l.service.impl.LoanServiceImpl       : Fetched 11 loan(s) for customerId=6
2026-07-30T18:30:56.154+05:30  INFO 2464 --- [main] c.s.l.service.impl.LoanServiceImpl       : Fetching loan details. loanId=999
2026-07-30T18:30:56.276+05:30  INFO 2464 --- [main] c.s.l.service.impl.LoanServiceImpl       : Fetching loans with pagination. page=0, size=3, sortBy=loanId, direction=asc
2026-07-30T18:30:56.288+05:30  INFO 2464 --- [main] c.s.l.service.impl.LoanServiceImpl       : Pagination completed. totalElements=11, totalPages=4, currentPage=0
2026-07-30T18:30:56.427+05:30  INFO 2464 --- [main] c.s.l.service.impl.LoanServiceImpl       : Loan status update requested. loanId=1, newStatus=APPROVED
2026-07-30T18:30:56.430+05:30  WARN 2464 --- [main] c.s.l.service.impl.LoanServiceImpl       : Loan status update rejected. loanId=1 already APPROVED
2026-07-30T18:30:56.557+05:30  INFO 2464 --- [main] c.s.l.service.impl.LoanServiceImpl       : Loan update requested. loanId=2, customerId=6
2026-07-30T18:30:56.572+05:30  INFO 2464 --- [main] c.s.l.service.impl.LoanServiceImpl       : Loan updated successfully. loanId=2, loanType=CAR, amount=650000
2026-07-30T18:30:56.683+05:30  INFO 2464 --- [main] c.s.l.service.impl.LoanServiceImpl       : Fetching all loans.
2026-07-30T18:30:56.685+05:30  INFO 2464 --- [main] c.s.l.service.impl.LoanServiceImpl       : Total loans fetched: 11
2026-07-30T18:30:56.709+05:30  INFO 2464 --- [main] t.c.s.AnnotationConfigContextLoaderUtils : Could not detect default configuration classes for test class [com.sudhanshu.loanmanagement.LoanManagementSystemApplicationTests]: LoanManagementSystemApplicationTests does not declare any static, non-private, non-final, nested classes annotated with @Configuration.
2026-07-30T18:30:56.733+05:30  INFO 2464 --- [main] .b.t.c.SpringBootTestContextBootstrapper : Found @SpringBootConfiguration com.sudhanshu.loanmanagement.LoanManagementSystemApplication for test class com.sudhanshu.loanmanagement.LoanManagementSystemApplicationTests
2026-07-30T18:30:56.791+05:30  INFO 2464 --- [main] s.l.LoanManagementSystemApplicationTests : Starting LoanManagementSystemApplicationTests using Java 21.0.10 with PID 2464 (started by LENOVO in D:\loan-management-system\loan-management-system)
2026-07-30T18:30:56.791+05:30  INFO 2464 --- [main] s.l.LoanManagementSystemApplicationTests : The following 1 profile is active: "dev"
2026-07-30T18:30:57.202+05:30  INFO 2464 --- [main] .s.d.r.c.RepositoryConfigurationDelegate : Bootstrapping Spring Data JPA repositories in DEFAULT mode.
2026-07-30T18:30:57.232+05:30  INFO 2464 --- [main] .s.d.r.c.RepositoryConfigurationDelegate : Finished Spring Data repository scanning in 27 ms. Found 3 JPA repository interfaces.
2026-07-30T18:30:57.415+05:30  INFO 2464 --- [main] o.hibernate.jpa.internal.util.LogHelper  : HHH000204: Processing PersistenceUnitInfo [name: default]
2026-07-30T18:30:57.419+05:30  INFO 2464 --- [main] o.h.c.internal.RegionFactoryInitiator    : HHH000026: Second-level cache disabled
2026-07-30T18:30:57.432+05:30  INFO 2464 --- [main] o.s.o.j.p.SpringPersistenceUnitInfo      : No LoadTimeWeaver setup: ignoring JPA class transformer
2026-07-30T18:30:57.437+05:30  INFO 2464 --- [main] com.zaxxer.hikari.HikariDataSource       : HikariPool-2 - Starting...
2026-07-30T18:30:57.487+05:30  INFO 2464 --- [main] com.zaxxer.hikari.pool.HikariPool        : HikariPool-2 - Added connection com.mysql.cj.jdbc.ConnectionImpl@53222524
2026-07-30T18:30:57.487+05:30  INFO 2464 --- [main] com.zaxxer.hikari.HikariDataSource       : HikariPool-2 - Start completed.
2026-07-30T18:30:57.491+05:30  INFO 2464 --- [main] org.hibernate.orm.connections.pooling    : HHH10001005: Database info:
	Database JDBC URL [Connecting through datasource 'HikariDataSource (HikariPool-2)']
	Database driver: undefined/unknown
	Database version: 8.0.45
	Autocommit mode: undefined/unknown
	Isolation level: undefined/unknown
	Minimum pool size: undefined/unknown
	Maximum pool size: undefined/unknown
2026-07-30T18:30:57.588+05:30  INFO 2464 --- [main] o.h.e.t.j.p.i.JtaPlatformInitiator       : HHH000489: No JTA platform available (set 'hibernate.transaction.jta.platform' to enable JTA platform integration)
2026-07-30T18:30:57.634+05:30  INFO 2464 --- [main] j.LocalContainerEntityManagerFactoryBean : Initialized JPA EntityManagerFactory for persistence unit 'default'
2026-07-30T18:30:57.719+05:30  INFO 2464 --- [main] r$InitializeUserDetailsManagerConfigurer : Global AuthenticationManager configured with UserDetailsService bean with name customUserDetailsService
2026-07-30T18:30:57.855+05:30  WARN 2464 --- [main] JpaBaseConfiguration$JpaWebConfiguration : spring.jpa.open-in-view is enabled by default. Therefore, database queries may be performed during view rendering. Explicitly configure spring.jpa.open-in-view to disable this warning
2026-07-30T18:30:58.380+05:30  INFO 2464 --- [main] s.l.LoanManagementSystemApplicationTests : Started LoanManagementSystemApplicationTests in 1.645 seconds (process running for 22.15)
2026-07-30T18:30:59.687+05:30  INFO 2464 --- [main] c.s.l.service.impl.LoanServiceImpl       : Loan update requested. loanId=100, customerId=1
2026-07-30T18:30:59.690+05:30  INFO 2464 --- [main] c.s.l.service.impl.LoanServiceImpl       : Loan updated successfully. loanId=100, loanType=HOME, amount=800000
2026-07-30T18:30:59.707+05:30  INFO 2464 --- [main] c.s.l.service.impl.LoanServiceImpl       : Loan application requested. customerId=1, loanType=CAR, amount=500000
2026-07-30T18:30:59.725+05:30  INFO 2464 --- [main] c.s.l.service.impl.LoanServiceImpl       : Fetching all loans.
2026-07-30T18:30:59.725+05:30  INFO 2464 --- [main] c.s.l.service.impl.LoanServiceImpl       : Total loans fetched: 0
2026-07-30T18:30:59.744+05:30  INFO 2464 --- [main] c.s.l.service.impl.LoanServiceImpl       : Loan status update requested. loanId=100, newStatus=REJECTED
2026-07-30T18:30:59.744+05:30  INFO 2464 --- [main] c.s.l.service.impl.LoanServiceImpl       : Loan status updated successfully. loanId=100, status=REJECTED, emi=null
2026-07-30T18:30:59.770+05:30  INFO 2464 --- [main] c.s.l.service.impl.LoanServiceImpl       : Fetching loan details. loanId=100
2026-07-30T18:30:59.786+05:30  INFO 2464 --- [main] c.s.l.service.impl.LoanServiceImpl       : Loan status update requested. loanId=100, newStatus=APPROVED
2026-07-30T18:30:59.801+05:30  INFO 2464 --- [main] c.s.l.service.impl.LoanServiceImpl       : Fetching all loans.
2026-07-30T18:30:59.802+05:30  INFO 2464 --- [main] c.s.l.service.impl.LoanServiceImpl       : Total loans fetched: 2
2026-07-30T18:30:59.820+05:30  INFO 2464 --- [main] c.s.l.service.impl.LoanServiceImpl       : Loan status update requested. loanId=100, newStatus=APPROVED
2026-07-30T18:30:59.822+05:30  INFO 2464 --- [main] c.s.l.service.impl.LoanServiceImpl       : Loan status updated successfully. loanId=100, status=APPROVED, emi=10545.75
2026-07-30T18:30:59.838+05:30  INFO 2464 --- [main] c.s.l.service.impl.LoanServiceImpl       : Loan status update requested. loanId=100, newStatus=PENDING
2026-07-30T18:30:59.838+05:30  WARN 2464 --- [main] c.s.l.service.impl.LoanServiceImpl       : Invalid status update attempted. loanId=100, status=PENDING
2026-07-30T18:30:59.855+05:30  INFO 2464 --- [main] c.s.l.service.impl.LoanServiceImpl       : Loan status update requested. loanId=100, newStatus=REJECTED
2026-07-30T18:30:59.855+05:30  WARN 2464 --- [main] c.s.l.service.impl.LoanServiceImpl       : Loan status update rejected. loanId=100 already APPROVED
2026-07-30T18:30:59.869+05:30  INFO 2464 --- [main] c.s.l.service.impl.LoanServiceImpl       : Fetching loans with pagination. page=1, size=2, sortBy=loanId, direction=asc
2026-07-30T18:30:59.869+05:30  INFO 2464 --- [main] c.s.l.service.impl.LoanServiceImpl       : Pagination completed. totalElements=3, totalPages=2, currentPage=1
2026-07-30T18:30:59.885+05:30  INFO 2464 --- [main] c.s.l.service.impl.LoanServiceImpl       : Fetching loans by type. loanType=EDUCATION, page=0, size=5
2026-07-30T18:30:59.887+05:30  INFO 2464 --- [main] c.s.l.service.impl.LoanServiceImpl       : Loan type filter completed. loanType=EDUCATION, totalRecords=0
2026-07-30T18:30:59.900+05:30  INFO 2464 --- [main] c.s.l.service.impl.LoanServiceImpl       : Fetching loans for customerId=1
2026-07-30T18:30:59.919+05:30  INFO 2464 --- [main] c.s.l.service.impl.LoanServiceImpl       : Fetching loans by status. status=REJECTED, page=0, size=5
2026-07-30T18:30:59.921+05:30  INFO 2464 --- [main] c.s.l.service.impl.LoanServiceImpl       : Status filter completed. status=REJECTED, totalRecords=0
2026-07-30T18:30:59.934+05:30  INFO 2464 --- [main] c.s.l.service.impl.LoanServiceImpl       : Fetching loan details. loanId=100
2026-07-30T18:30:59.947+05:30  INFO 2464 --- [main] c.s.l.service.impl.LoanServiceImpl       : Loan update requested. loanId=100, customerId=1
2026-07-30T18:30:59.950+05:30  WARN 2464 --- [main] c.s.l.service.impl.LoanServiceImpl       : Loan update rejected. loanId=100 is already APPROVED
2026-07-30T18:30:59.966+05:30  INFO 2464 --- [main] c.s.l.service.impl.LoanServiceImpl       : Loan application requested. customerId=1, loanType=CAR, amount=500000
2026-07-30T18:30:59.968+05:30  INFO 2464 --- [main] c.s.l.service.impl.LoanServiceImpl       : Loan created successfully. loanId=100, customerId=1
2026-07-30T18:30:59.983+05:30  INFO 2464 --- [main] c.s.l.service.impl.LoanServiceImpl       : Fetching loans for customerId=1
2026-07-30T18:30:59.987+05:30  INFO 2464 --- [main] c.s.l.service.impl.LoanServiceImpl       : Fetched 0 loan(s) for customerId=1
2026-07-30T18:30:59.998+05:30  INFO 2464 --- [main] c.s.l.service.impl.LoanServiceImpl       : Fetching loans for customerId=1
2026-07-30T18:30:59.998+05:30  INFO 2464 --- [main] c.s.l.service.impl.LoanServiceImpl       : Fetched 1 loan(s) for customerId=1
2026-07-30T18:31:00.011+05:30  INFO 2464 --- [main] c.s.l.service.impl.LoanServiceImpl       : Fetching loans with pagination. page=0, size=5, sortBy=loanAmount, direction=desc
2026-07-30T18:31:00.011+05:30  INFO 2464 --- [main] c.s.l.service.impl.LoanServiceImpl       : Pagination completed. totalElements=1, totalPages=1, currentPage=0
2026-07-30T18:31:00.126+05:30  INFO 2464 --- [SpringApplicationShutdownHook] j.LocalContainerEntityManagerFactoryBean : Closing JPA EntityManagerFactory for persistence unit 'default'
2026-07-30T18:31:00.135+05:30  INFO 2464 --- [SpringApplicationShutdownHook] com.zaxxer.hikari.HikariDataSource       : HikariPool-1 - Shutdown initiated...
2026-07-30T18:31:00.173+05:30  INFO 2464 --- [SpringApplicationShutdownHook] com.zaxxer.hikari.HikariDataSource       : HikariPool-1 - Shutdown completed.
2026-07-30T18:31:00.185+05:30  INFO 2464 --- [SpringApplicationShutdownHook] j.LocalContainerEntityManagerFactoryBean : Closing JPA EntityManagerFactory for persistence unit 'default'
2026-07-30T18:31:00.189+05:30  INFO 2464 --- [SpringApplicationShutdownHook] com.zaxxer.hikari.HikariDataSource       : HikariPool-2 - Shutdown initiated...
2026-07-30T18:31:00.214+05:30  INFO 2464 --- [SpringApplicationShutdownHook] com.zaxxer.hikari.HikariDataSource       : HikariPool-2 - Shutdown completed.
